// Jest Snapshot v1, https://goo.gl/fbAQLP

exports[`DraggableItemPlaceholder Component renders correctly 1`] = `
<View
  style={
    [
      {
        "borderRadius": 8,
        "borderWidth": 1,
        "elevation": 2,
        "flex": 1,
        "marginVertical": 8,
        "padding": 16,
      },
      {
        "backgroundColor": "#f0f0f0",
        "borderColor": "#6200ee",
        "shadowColor": "#000000",
        "shadowOpacity": 0.3,
        "shadowRadius": 4,
        "wOffset": {
          "height": 2,
          "width": 0,
        },
      },
    ]
  }
  testID="draggable-item-placeholder"
/>
`;
